[    0.000000] Linux version 4.15.0-96-generic (buildd@lgw01-amd64-004) (gcc version 7.5.0 (Ubuntu 7.5.0-3ubuntu1~18.04)) #97-Ubuntu SMP Wed Apr 1 03:25:46 UTC 2020 (Ubuntu 4.15.0-96.97-generic 4.15.18)
[    0.000000] Command line: BOOT_IMAGE=/boot/vmlinuz-4.15.0-96-generic root=LABEL=cloudimg-rootfs ro console=tty1 console=ttyS0
[    0.000000] KERNEL supported cpus:
[    0.000000]   Intel GenuineIntel
[    0.000000]   AMD AuthenticAMD
[    0.000000]   Centaur CentaurHauls
[    0.000000] x86/fpu: Supporting XSAVE feature 0x001: 'x87 floating point registers'
[    0.000000] x86/fpu: Supporting XSAVE feature 0x002: 'SSE registers'
[    0.000000] x86/fpu: Supporting XSAVE feature 0x004: 'AVX registers'
[    0.000000] x86/fpu: xstate_offset[2]:  576, xstate_sizes[2]:  256
[    0.000000] x86/fpu: Enabled xstate features 0x7, context size is 832 bytes, using 'standard' format.
[    0.000000] e820: BIOS-provided physical RAM map:
[    0.000000] BIOS-e820: [mem 0x0000000000000000-0x000000000009fbff] usable
[    0.000000] BIOS-e820: [mem 0x000000000009fc00-0x000000000009ffff] reserved
[    0.000000] BIOS-e820: [mem 0x00000000000f0000-0x00000000000fffff] reserved
[    0.000000] BIOS-e820: [mem 0x0000000000100000-0x000000003ffeffff] usable
[    0.000000] BIOS-e820: [mem 0x000000003fff0000-0x000000003fffffff] ACPI data
[    0.000000] BIOS-e820: [mem 0x00000000fec00000-0x00000000fec00fff] reserved
[    0.000000] BIOS-e820: [mem 0x00000000fee00000-0x00000000fee00fff] reserved
[    0.000000] BIOS-e820: [mem 0x00000000fffc0000-0x00000000ffffffff] reserved
[    0.000000] NX (Execute Disable) protection: active
[    0.000000] SMBIOS 2.5 present.
[    0.000000] DMI: innotek GmbH VirtualBox/VirtualBox, BIOS VirtualBox 12/01/2006
[    0.000000] Hypervisor detected: KVM
[    0.000000] e820: last_pfn = 0x3fff0 max_arch_pfn = 0x400000000
[    0.000000] MTRR: Disabled
[    0.000000] x86/PAT: MTRRs disabled, skipping PAT initialization too.
[    0.000000] CPU MTRRs all blank - virtualized system.
[    0.000000] x86/PAT: Configuration [0-7]: WB  WT  UC- UC  WB  WT  UC- UC  
[    0.000000] found SMP MP-table at [mem 0x0009fff0-0x0009ffff]
[    0.000000] Scanning 1 areas for low memory corruption
[    0.000000] RAMDISK: [mem 0x35a6d000-0x36d2dfff]
[    0.000000] ACPI: Early table checksum verification disabled
[    0.000000] ACPI: RSDP 0x00000000000E0000 000024 (v02 VBOX  )
[    0.000000] ACPI: XSDT 0x000000003FFF0030 00003C (v01 VBOX   VBOXXSDT 00000001 ASL  00000061)
[    0.000000] ACPI: FACP 0x000000003FFF00F0 0000F4 (v04 VBOX   VBOXFACP 00000001 ASL  00000061)
[    0.000000] ACPI: DSDT 0x000000003FFF0470 002325 (v02 VBOX   VBOXBIOS 00000002 INTL 20100528)
[    0.000000] ACPI: FACS 0x000000003FFF0200 000040
[    0.000000] ACPI: FACS 0x000000003FFF0200 000040
[    0.000000] ACPI: APIC 0x000000003FFF0240 000054 (v02 VBOX   VBOXAPIC 00000001 ASL  00000061)
[    0.000000] ACPI: SSDT 0x000000003FFF02A0 0001CC (v01 VBOX   VBOXCPUT 00000002 INTL 20100528)
[    0.000000] No NUMA configuration found
[    0.000000] Faking a node at [mem 0x0000000000000000-0x000000003ffeffff]
[    0.000000] NODE_DATA(0) allocated [mem 0x3ffc5000-0x3ffeffff]
[    0.000000] kvm-clock: cpu 0, msr 0:3ff44001, primary cpu clock
[    0.000000] kvm-clock: Using msrs 4b564d01 and 4b564d00
[    0.000000] kvm-clock: using sched offset of 3721990279 cycles
[    0.000000] clocksource: kvm-clock: mask: 0xffffffffffffffff max_cycles: 0x1cd42e4dffb, max_idle_ns: 881590591483 ns
[    0.000000] Zone ranges:
[    0.000000]   DMA      [mem 0x0000000000001000-0x0000000000ffffff]
[    0.000000]   DMA32    [mem 0x0000000001000000-0x000000003ffeffff]
[    0.000000]   Normal   empty
[    0.000000]   Device   empty
[    0.000000] Movable zone start for each node
[    0.000000] Early memory node ranges
[    0.000000]   node   0: [mem 0x0000000000001000-0x000000000009efff]
[    0.000000]   node   0: [mem 0x0000000000100000-0x000000003ffeffff]
[    0.000000] Reserved but unavailable: 98 pages
[    0.000000] Initmem setup node 0 [mem 0x0000000000001000-0x000000003ffeffff]
[    0.000000] ACPI: PM-Timer IO Port: 0x4008
[    0.000000] IOAPIC[0]: apic_id 1, version 32, address 0xfec00000, GSI 0-23
[    0.000000] ACPI: INT_SRC_OVR (bus 0 bus_irq 0 global_irq 2 dfl dfl)
[    0.000000] ACPI: INT_SRC_OVR (bus 0 bus_irq 9 global_irq 9 low level)
[    0.000000] Using ACPI (MADT) for SMP configuration information
[    0.000000] smpboot: Allowing 1 CPUs, 0 hotplug CPUs
[    0.000000] PM: Registered nosave memory: [mem 0x00000000-0x00000fff]
[    0.000000] PM: Registered nosave memory: [mem 0x0009f000-0x0009ffff]
[    0.000000] PM: Registered nosave memory: [mem 0x000a0000-0x000effff]
[    0.000000] PM: Registered nosave memory: [mem 0x000f0000-0x000fffff]
[    0.000000] e820: [mem 0x40000000-0xfebfffff] available for PCI devices
[    0.000000] Booting paravirtualized kernel on KVM
[    0.000000] clocksource: refined-jiffies: mask: 0xffffffff max_cycles: 0xffffffff, max_idle_ns: 7645519600211568 ns
[    0.000000] random: get_random_bytes called from start_kernel+0x99/0x4fd with crng_init=0
[    0.000000] setup_percpu: NR_CPUS:8192 nr_cpumask_bits:1 nr_cpu_ids:1 nr_node_ids:1
[    0.000000] percpu: Embedded 45 pages/cpu s147456 r8192 d28672 u2097152
[    0.000000] PV qspinlock hash table entries: 256 (order: 0, 4096 bytes)
[    0.000000] Built 1 zonelists, mobility grouping on.  Total pages: 257913
[    0.000000] Policy zone: DMA32
[    0.000000] Kernel command line: BOOT_IMAGE=/boot/vmlinuz-4.15.0-96-generic root=LABEL=cloudimg-rootfs ro console=tty1 console=ttyS0
[    0.000000] Memory: 983244K/1048120K available (12300K kernel code, 2481K rwdata, 4264K rodata, 2432K init, 2712K bss, 64876K reserved, 0K cma-reserved)
[    0.000000] SLUB: HWalign=64, Order=0-3, MinObjects=0, CPUs=1, Nodes=1
[    0.000000] ftrace: allocating 39351 entries in 154 pages
[    0.004000] Hierarchical RCU implementation.
[    0.004000] 	RCU restricting CPUs from NR_CPUS=8192 to nr_cpu_ids=1.
[    0.004000] 	Tasks RCU enabled.
[    0.004000] RCU: Adjusting geometry for rcu_fanout_leaf=16, nr_cpu_ids=1
[    0.004000] NR_IRQS: 524544, nr_irqs: 256, preallocated irqs: 16
[    0.004000] Console: colour VGA+ 80x25
[    0.004000] console [tty1] enabled
[    0.004000] console [ttyS0] enabled
[    0.004000] ACPI: Core revision 20170831
[    0.004000] ACPI: 2 ACPI AML tables successfully acquired and loaded
[    0.004000] APIC: Switch to symmetric I/O mode setup
[    0.004000] x2apic enabled
[    0.004000] Switched APIC routing to physical x2apic.
[    0.004000] ..TIMER: vector=0x30 apic1=0 pin1=2 apic2=-1 pin2=-1
[    0.004000] tsc: Detected 1190.399 MHz processor
[    0.004010] Calibrating delay loop (skipped) preset value.. 2380.79 BogoMIPS (lpj=4761596)
[    0.005117] pid_max: default: 32768 minimum: 301
[    0.005798] Security Framework initialized
[    0.006349] Yama: becoming mindful.
[    0.006844] AppArmor: AppArmor initialized
[    0.008037] Dentry cache hash table entries: 131072 (order: 8, 1048576 bytes)
[    0.012060] Inode-cache hash table entries: 65536 (order: 7, 524288 bytes)
[    0.013011] Mount-cache hash table entries: 2048 (order: 2, 16384 bytes)
[    0.013889] Mountpoint-cache hash table entries: 2048 (order: 2, 16384 bytes)
[    0.015049] process: using mwait in idle threads
[    0.016009] Last level iTLB entries: 4KB 0, 2MB 0, 4MB 0
[    0.016736] Last level dTLB entries: 4KB 0, 2MB 0, 4MB 0, 1GB 0
[    0.017596] Spectre V1 : Mitigation: usercopy/swapgs barriers and __user pointer sanitization
[    0.018717] Spectre V2 : Mitigation: Full generic retpoline
[    0.019474] Spectre V2 : Spectre v2 / SpectreRSB mitigation: Filling RSB on context switch
[    0.020003] Speculative Store Bypass: Vulnerable
[    0.033250] Freeing SMP alternatives memory: 36K
[    0.144124] smpboot: CPU0: Intel(R) Core(TM) i5-1035G1 CPU @ 1.00GHz (family: 0x6, model: 0x7e, stepping: 0x5)
[    0.145811] Performance Events: unsupported p6 CPU model 126 no PMU driver, software events only.
[    0.147025] Hierarchical SRCU implementation.
[    0.148390] NMI watchdog: Perf event create on CPU 0 failed with -2
[    0.149285] NMI watchdog: Perf NMI watchdog permanently disabled
[    0.150125] smp: Bringing up secondary CPUs ...
[    0.150769] smp: Brought up 1 node, 1 CPU
[    0.151324] smpboot: Max logical packages: 1
[    0.151902] smpboot: Total of 1 processors activated (2380.79 BogoMIPS)
[    0.152126] devtmpfs: initialized
[    0.152673] x86/mm: Memory block size: 128MB
[    0.153379] evm: security.selinux
[    0.153875] evm: security.SMACK64
[    0.154443] evm: security.SMACK64EXEC
[    0.154951] evm: security.SMACK64TRANSMUTE
[    0.156004] evm: security.SMACK64MMAP
[    0.156519] evm: security.apparmor
[    0.156994] evm: security.ima
[    0.157420] evm: security.capability
[    0.158036] clocksource: jiffies: mask: 0xffffffff max_cycles: 0xffffffff, max_idle_ns: 7645041785100000 ns
[    0.159327] futex hash table entries: 256 (order: 2, 16384 bytes)
[    0.160044] pinctrl core: initialized pinctrl subsystem
[    0.160845] RTC time: 18:50:28, date: 04/27/20
[    0.161687] NET: Registered protocol family 16
[    0.162421] audit: initializing netlink subsys (disabled)
[    0.163242] cpuidle: using governor ladder
[    0.164007] audit: type=2000 audit(1588013433.024:1): state=initialized audit_enabled=0 res=1
[    0.165148] cpuidle: using governor menu
[    0.165752] ACPI: bus type PCI registered
[    0.166291] acpiphp: ACPI Hot Plug PCI Controller Driver version: 0.5
[    0.167203] PCI: Using configuration type 1 for base access
[    0.168857] HugeTLB registered 2.00 MiB page size, pre-allocated 0 pages
[    0.172104] ACPI: Added _OSI(Module Device)
[    0.172748] ACPI: Added _OSI(Processor Device)
[    0.173292] ACPI: Added _OSI(3.0 _SCP Extensions)
[    0.173932] ACPI: Added _OSI(Processor Aggregator Device)
[    0.174657] ACPI: Added _OSI(Linux-Dell-Video)
[    0.176008] ACPI: Added _OSI(Linux-Lenovo-NV-HDMI-Audio)
[    0.176865] ACPI: Added _OSI(Linux-HPI-Hybrid-Graphics)
[    0.177791] ACPI: Executed 1 blocks of module-level executable AML code
[    0.181676] ACPI: Interpreter enabled
[    0.182200] ACPI: (supports S0 S5)
[    0.182692] ACPI: Using IOAPIC for interrupt routing
[    0.183577] PCI: Using host bridge windows from ACPI; if necessary, use "pci=nocrs" and report a bug
[    0.184126] ACPI: Enabled 2 GPEs in block 00 to 07
[    0.189969] ACPI: PCI Root Bridge [PCI0] (domain 0000 [bus 00-ff])
[    0.190825] acpi PNP0A03:00: _OSC: OS supports [ASPM ClockPM Segments MSI]
[    0.192028] acpi PNP0A03:00: _OSC: not requesting OS control; OS requires [ExtendedConfig ASPM ClockPM MSI]
[    0.193317] acpi PNP0A03:00: fail to add MMCONFIG information, can't access extended PCI configuration space under this bridge.
[    0.195152] PCI host bridge to bus 0000:00
[    0.195694] pci_bus 0000:00: root bus resource [io  0x0000-0x0cf7 window]
[    0.196007] pci_bus 0000:00: root bus resource [io  0x0d00-0xffff window]
[    0.196987] pci_bus 0000:00: root bus resource [mem 0x000a0000-0x000bffff window]
[    0.198827] pci_bus 0000:00: root bus resource [mem 0x40000000-0xfdffffff window]
[    0.200011] pci_bus 0000:00: root bus resource [bus 00-ff]
[    0.202619] pci 0000:00:01.1: legacy IDE quirk: reg 0x10: [io  0x01f0-0x01f7]
[    0.204007] pci 0000:00:01.1: legacy IDE quirk: reg 0x14: [io  0x03f6]
[    0.204927] pci 0000:00:01.1: legacy IDE quirk: reg 0x18: [io  0x0170-0x0177]
[    0.205914] pci 0000:00:01.1: legacy IDE quirk: reg 0x1c: [io  0x0376]
[    0.218105] pci 0000:00:07.0: quirk: [io  0x4000-0x403f] claimed by PIIX4 ACPI
[    0.219726] pci 0000:00:07.0: quirk: [io  0x4100-0x410f] claimed by PIIX4 SMB
[    0.226831] ACPI: PCI Interrupt Link [LNKA] (IRQs 5 9 10 *11)
[    0.227868] ACPI: PCI Interrupt Link [LNKB] (IRQs 5 9 *10 11)
[    0.228088] ACPI: PCI Interrupt Link [LNKC] (IRQs 5 *9 10 11)
[    0.228898] ACPI: PCI Interrupt Link [LNKD] (IRQs 5 9 10 *11)
[    0.230181] SCSI subsystem initialized
[    0.230863] pci 0000:00:02.0: vgaarb: setting as boot VGA device
[    0.231905] pci 0000:00:02.0: vgaarb: VGA device added: decodes=io+mem,owns=io+mem,locks=none
[    0.232006] pci 0000:00:02.0: vgaarb: bridge control possible
[    0.232761] vgaarb: loaded
[    0.233221] ACPI: bus type USB registered
[    0.233782] usbcore: registered new interface driver usbfs
[    0.236020] usbcore: registered new interface driver hub
[    0.236757] usbcore: registered new device driver usb
[    0.237508] EDAC MC: Ver: 3.0.0
[    0.238212] PCI: Using ACPI for IRQ routing
[    0.239010] NetLabel: Initializing
[    0.239601] NetLabel:  domain hash size = 128
[    0.240001] NetLabel:  protocols = UNLABELED CIPSOv4 CALIPSO
[    0.240721] NetLabel:  unlabeled traffic allowed by default
[    0.241534] clocksource: Switched to clocksource kvm-clock
[    0.257747] VFS: Disk quotas dquot_6.6.0
[    0.258353] VFS: Dquot-cache hash table entries: 512 (order 0, 4096 bytes)
[    0.259312] AppArmor: AppArmor Filesystem Enabled
[    0.260112] pnp: PnP ACPI init
[    0.261340] pnp: PnP ACPI: found 3 devices
[    0.267272] clocksource: acpi_pm: mask: 0xffffff max_cycles: 0xffffff, max_idle_ns: 2085701024 ns
[    0.268593] NET: Registered protocol family 2
[    0.269295] TCP established hash table entries: 8192 (order: 4, 65536 bytes)
[    0.270256] TCP bind hash table entries: 8192 (order: 5, 131072 bytes)
[    0.271123] TCP: Hash tables configured (established 8192 bind 8192)
[    0.272048] UDP hash table entries: 512 (order: 2, 16384 bytes)
[    0.272882] UDP-Lite hash table entries: 512 (order: 2, 16384 bytes)
[    0.273729] NET: Registered protocol family 1
[    0.274342] pci 0000:00:00.0: Limiting direct PCI/PCI transfers
[    0.275062] pci 0000:00:01.0: Activating ISA DMA hang workarounds
[    0.275890] pci 0000:00:02.0: Video device with shadowed ROM at [mem 0x000c0000-0x000dffff]
[    0.277087] Unpacking initramfs...
[    0.596006] Freeing initrd memory: 19204K
[    0.596851] clocksource: tsc: mask: 0xffffffffffffffff max_cycles: 0x1128ae0185e, max_idle_ns: 440795217955 ns
[    0.598251] platform rtc_cmos: registered platform RTC device (no PNP device found)
[    0.599401] Scanning for low memory corruption every 60 seconds
[    0.600736] Initialise system trusted keyrings
[    0.601410] Key type blacklist registered
[    0.602011] workingset: timestamp_bits=36 max_order=18 bucket_order=0
[    0.606404] zbud: loaded
[    0.607323] squashfs: version 4.0 (2009/01/31) Phillip Lougher
[    0.608331] fuse init (API version 7.26)
[    0.609500] Key type asymmetric registered
[    0.610093] Asymmetric key parser 'x509' registered
[    0.610770] Block layer SCSI generic (bsg) driver version 0.4 loaded (major 246)
[    0.611798] io scheduler noop registered
[    0.612409] io scheduler deadline registered
[    0.613160] io scheduler cfq registered (default)
[    0.614173] ACPI: AC Adapter [AC] (on-line)
[    0.614798] input: Power Button as /devices/LNXSYSTM:00/LNXPWRBN:00/input/input0
[    0.615862] ACPI: Power Button [PWRF]
[    0.616490] input: Sleep Button as /devices/LNXSYSTM:00/LNXSLPBN:00/input/input1
[    0.617554] ACPI: Sleep Button [SLPF]
[    0.619037] ACPI: Battery Slot [BAT0] (battery present)
[    0.619871] Serial: 8250/16550 driver, 32 ports, IRQ sharing enabled
[    0.641623] 00:02: ttyS0 at I/O 0x3f8 (irq = 4, base_baud = 115200) is a 16550A
[    0.643653] Linux agpgart interface v0.103
[    0.645013] loop: module loaded
[    0.646067] scsi host0: ata_piix
[    0.646824] scsi host1: ata_piix
[    0.647353] ata1: PATA max UDMA/33 cmd 0x1f0 ctl 0x3f6 bmdma 0xd000 irq 14
[    0.648300] ata2: PATA max UDMA/33 cmd 0x170 ctl 0x376 bmdma 0xd008 irq 15
[    0.649649] libphy: Fixed MDIO Bus: probed
[    0.650283] tun: Universal TUN/TAP device driver, 1.6
[    0.651013] PPP generic driver version 2.4.2
[    0.651633] ehci_hcd: USB 2.0 'Enhanced' Host Controller (EHCI) Driver
[    0.652512] ehci-pci: EHCI PCI platform driver
[    0.653134] ehci-platform: EHCI generic platform driver
[    0.653829] ohci_hcd: USB 1.1 'Open' Host Controller (OHCI) Driver
[    0.654607] ohci-pci: OHCI PCI platform driver
[    0.655315] ohci-platform: OHCI generic platform driver
[    0.656305] uhci_hcd: USB Universal Host Controller Interface driver
[    0.657305] i8042: PNP: PS/2 Controller [PNP0303:PS2K,PNP0f03:PS2M] at 0x60,0x64 irq 1,12
[    0.658939] serio: i8042 KBD port at 0x60,0x64 irq 1
[    0.659620] serio: i8042 AUX port at 0x60,0x64 irq 12
[    0.660380] mousedev: PS/2 mouse device common for all mice
[    0.661426] input: AT Translated Set 2 keyboard as /devices/platform/i8042/serio0/input/input2
[    0.663039] rtc_cmos rtc_cmos: rtc core: registered rtc_cmos as rtc0
[    0.664023] rtc_cmos rtc_cmos: alarms up to one day, 114 bytes nvram
[    0.664929] i2c /dev entries driver
[    0.665521] device-mapper: uevent: version 1.0.3
[    0.666202] device-mapper: ioctl: 4.37.0-ioctl (2017-09-20) initialised: dm-devel@redhat.com
[    0.667448] ledtrig-cpu: registered to indicate activity on CPUs
[    0.668555] NET: Registered protocol family 10
[    0.671335] Segment Routing with IPv6
[    0.671906] NET: Registered protocol family 17
[    0.672576] Key type dns_resolver registered
[    0.673238] mce: Using 0 MCE banks
[    0.673777] RAS: Correctable Errors collector initialized.
[    0.674533] sched_clock: Marking stable (672534368, 0)->(792948252, -120413884)
[    0.675608] registered taskstats version 1
[    0.676231] Loading compiled-in X.509 certificates
[    0.678292] Loaded X.509 cert 'Build time autogenerated kernel key: 244b473b43e18b01f00e37a87f2ecd28620f0244'
[    0.679991] zswap: loaded using pool lzo/zbud
[    0.682692] Key type big_key registered
[    0.683283] Key type trusted registered
[    0.684748] Key type encrypted registered
[    0.685401] AppArmor: AppArmor sha1 policy hashing enabled
[    0.686133] ima: No TPM chip found, activating TPM-bypass! (rc=-19)
[    0.686948] ima: Allocated hash algorithm: sha1
[    0.687592] evm: HMAC attrs: 0x1
[    0.688353]   Magic number: 0:714:848
[    0.688896]  index0: hash matches
[    0.689420] rtc_cmos rtc_cmos: setting system clock to 2020-04-27 18:50:28 UTC (1588013428)
[    0.690642] BIOS EDD facility v0.16 2004-Jun-25, 0 devices found
[    0.691488] EDD information not available.
[    0.834730] Freeing unused kernel image memory: 2432K
[    0.844196] Write protecting the kernel read-only data: 20480k
[    0.845481] Freeing unused kernel image memory: 2008K
[    0.847282] Freeing unused kernel image memory: 1880K
[    0.852169] x86/mm: Checked W+X mappings: passed, no W+X pages found.
Loading, please wait...
starting version 237
[    0.922033] e1000: Intel(R) PRO/1000 Network Driver - version 7.3.21-k8-NAPI
[    0.923182] e1000: Copyright (c) 1999-2006 Intel Corporation.
[    0.927247] Fusion MPT base driver 3.04.20
[    0.927936] Copyright (c) 1999-2008 LSI Corporation
[    0.937167] Fusion MPT SPI Host driver 3.04.20
[    0.946662] AVX2 version of gcm_enc/dec engaged.
[    0.947815] AES CTR mode by8 optimization enabled
[    1.139183] input: ImExPS/2 Generic Explorer Mouse as /devices/platform/i8042/serio1/input/input4
[    1.317290] e1000 0000:00:03.0 eth0: (PCI:33MHz:32-bit) 02:39:1d:43:44:b0
[    1.318542] e1000 0000:00:03.0 eth0: Intel(R) PRO/1000 Network Connection
[    1.320789] mptbase: ioc0: Initiating bringup
[    1.416219] ioc0: LSI53C1030 A0: Capabilities={Initiator}
[    1.657288] scsi host2: ioc0: LSI53C1030 A0, FwRev=00000000h, Ports=1, MaxQ=256, IRQ=20
[    1.825279] scsi 2:0:0:0: Direct-Access     VBOX     HARDDISK         1.0  PQ: 0 ANSI: 5
[    1.828107] scsi target2:0:0: Beginning Domain Validation
[    1.834703] scsi target2:0:0: Domain Validation skipping write tests
[    1.835599] scsi target2:0:0: Ending Domain Validation
[    1.836562] scsi target2:0:0: asynchronous
[    1.838136] random: fast init done
[    1.838990] scsi 2:0:1:0: Direct-Access     VBOX     HARDDISK         1.0  PQ: 0 ANSI: 5
[    1.840195] scsi target2:0:1: Beginning Domain Validation
[    1.843389] scsi target2:0:1: Domain Validation skipping write tests
[    1.844271] scsi target2:0:1: Ending Domain Validation
[    1.845062] scsi target2:0:1: asynchronous
[    1.848897] random: systemd-udevd: uninitialized urandom read (16 bytes read)
[    1.849872] random: systemd-udevd: uninitialized urandom read (16 bytes read)
[    1.850824] random: systemd-udevd: uninitialized urandom read (16 bytes read)
[    1.852006] sd 2:0:0:0: [sda] 20971520 512-byte logical blocks: (10.7 GB/10.0 GiB)
[    1.853157] sd 2:0:0:0: [sda] Write Protect is off
[    1.853924] sd 2:0:0:0: [sda] Incomplete mode parameter data
[    1.854713] sd 2:0:0:0: [sda] Assuming drive cache: write through
[    1.855620] sd 2:0:0:0: Attached scsi generic sg0 type 0
[    1.856789] sd 2:0:1:0: [sdb] 20480 512-byte logical blocks: (10.5 MB/10.0 MiB)
[    1.857861] sd 2:0:1:0: [sdb] Write Protect is off
[    1.858701] sd 2:0:1:0: [sdb] Incomplete mode parameter data
[    1.859463] sd 2:0:1:0: [sdb] Assuming drive cache: write through
[    1.860732] sd 2:0:1:0: Attached scsi generic sg1 type 0
[    1.868681]  sda: sda1
[    1.878376] sd 2:0:0:0: [sda] Attached SCSI disk
[    1.891636] sd 2:0:1:0: [sdb] Attached SCSI disk
[    2.217455] e1000 0000:00:08.0 eth1: (PCI:33MHz:32-bit) 08:00:27:de:02:25
[    2.218419] e1000 0000:00:08.0 eth1: Intel(R) PRO/1000 Network Connection
[    2.220652] e1000 0000:00:08.0 enp0s8: renamed from eth1
[    2.222724] e1000 0000:00:03.0 enp0s3: renamed from eth0
Begin: Loading essential drivers ... [    3.604208] raid6: sse2x1   gen() 12136 MB/s
[    3.652376] raid6: sse2x1   xor()  5746 MB/s
[    3.700092] raid6: sse2x2   gen() 13993 MB/s
[    3.748355] raid6: sse2x2   xor() 10382 MB/s
[    3.796450] raid6: sse2x4   gen() 15915 MB/s
[    3.844206] raid6: sse2x4   xor() 10110 MB/s
[    3.892449] raid6: avx2x1   gen() 23862 MB/s
[    3.940087] raid6: avx2x1   xor() 14082 MB/s
[    3.988265] raid6: avx2x2   gen() 27585 MB/s
[    4.036449] raid6: avx2x2   xor() 18971 MB/s
[    4.084172] raid6: avx2x4   gen() 29623 MB/s
[    4.132350] raid6: avx2x4   xor() 15307 MB/s
[    4.133191] raid6: using algorithm avx2x4 gen() 29623 MB/s
[    4.134105] raid6: .... xor() 15307 MB/s, rmw enabled
[    4.134883] raid6: using avx2x2 recovery algorithm
[    4.137090] xor: automatically using best checksumming function   avx       
[    4.139256] async_tx: api initialized (async)
done.
Begin: Running /scripts/init-premount ... done.
Begin: Mounting root file system ... Begin: Running /scripts/local-top ... done.
Begin: Running /scripts/local-premount ... [    4.182513] Btrfs loaded, crc32c=crc32c-intel
Scanning for Btrfs filesystems
done.
Warning: fsck not present, so skipping root file system
[    4.211865] EXT4-fs (sda1): mounted filesystem with ordered data mode. Opts: (null)
done.
Begin: Running /scripts/local-bottom ... done.
Begin: Running /scripts/init-bottom ... done.
[    4.340985] ip_tables: (C) 2000-2006 Netfilter Core Team
[    4.347099] systemd[1]: systemd 237 running in system mode. (+PAM +AUDIT +SELINUX +IMA +APPARMOR +SMACK +SYSVINIT +UTMP +LIBCRYPTSETUP +GCRYPT +GNUTLS +ACL +XZ +LZ4 +SECCOMP +BLKID +ELFUTILS +KMOD -IDN2 +IDN -PCRE2 default-hierarchy=hybrid)
[    4.349960] systemd[1]: Detected virtualization oracle.
[    4.350696] systemd[1]: Detected architecture x86-64.

Welcome to [1mUbuntu 18.04.4 LTS[0m!

[    4.353764] systemd[1]: Set hostname to <ubuntu>.
[    4.356781] systemd[1]: Initializing machine ID from random generator.
[    4.357734] systemd[1]: Installed transient /etc/machine-id file.
[    4.550388] systemd[1]: Reached target System Time Synchronized.
[[0;32m  OK  [0m] Reached target System Time Synchronized.
[    4.552408] systemd[1]: Created slice System Slice.
[[0;32m  OK  [0m] Created slice System Slice.
[    4.553801] systemd[1]: Listening on Journal Audit Socket.
[[0;32m  OK  [0m] Listening on Journal Audit Socket.
[    4.555209] systemd[1]: Listening on Syslog Socket.
[[0;32m  OK  [0m] Listening on Syslog Socket.
[[0;32m  OK  [0m] Listening on udev Kernel Socket.
[[0;32m  OK  [0m] Listening on Journal Socket (/dev/log).
[[0;32m  OK  [0m] Listening on Network Service Netlink Socket.
[[0;32m  OK  [0m] Reached target User and Group Name Lookups.
[[0;32m  OK  [0m] Listening on LVM2 metadata daemon socket.
[[0;32m  OK  [0m] Listening on Journal Socket.
         Starting Journal Service...
         Starting Load Kernel Modules...
         Starting Set the console keyboard layout...
         Starting Remount Root and Kernel File Systems...
         Starting Uncomplicated firewall...
         Mounting POSIX Message Queue File System...
[[0;32m  OK  [0m] Created slice system-serial\x2dgetty.slice.
[[0;32m  OK  [0m] Set up automount Arbitrary Executabâ€¦rmats File System Automount Point.
[    4.598626] Loading iSCSI transport class v2.0-870.
[    4.603353] iscsi: registered transport (tcp)
[    4.619200] iscsi: registered transport (iser)
[    4.635218] EXT4-fs (sda1): re-mounted. Opts: (null)
         Starting Create list of required stâ€¦ce nodes for the current kernel...
[[0;32m  OK  [0m] Created slice User and Session Slice.
[[0;32m  OK  [0m] Reached target Swap.
[[0;32m  OK  [0m] Listening on Device-mapper event daemon FIFOs.
         Starting Monitoring of LVM2 mirrorsâ€¦ng dmeventd or progress polling...
         Mounting Kernel Debug File System...
[[0;32m  OK  [0m] Listening on udev Control Socket.
         Starting udev Coldplug all Devices...
[[0;32m  OK  [0m] Started Forward Password Requests to Wall Directory Watch.
         Mounting Huge Pages File System...
[[0;32m  OK  [0m] Listening on /dev/initctl Compatibility Named Pipe.
[[0;32m  OK  [0m] Listening on LVM2 poll daemon socket.
[[0;32m  OK  [0m] Reached target Slices.
[[0;32m  OK  [0m] Started Journal Service.
[[0;32m  OK  [0m] Started Load Kernel Modules.
[[0;32m  OK  [0m] Started Remount Root and Kernel File Systems.
[[0;32m  OK  [0m] Started Uncomplicated firewall.
[[0;32m  OK  [0m] Mounted POSIX Message Queue File System.
[[0;32m  OK  [0m] Started Create list of required staâ€¦vice nodes for the current kernel.
[[0;32m  OK  [0m] Mounted Kernel Debug File System.
[[0;32m  OK  [0m] Mounted Huge Pages File System.
[[0;32m  OK  [0m] Started LVM2 metadata daemon.
         Starting Create Static Device Nodes in /dev...
         Starting Load/Save Random Seed...
         Starting Apply Kernel Variables...
         Mounting FUSE Control File System...
         Mounting Kernel Configuration File System...
         Starting Flush Journal to Persistent Storage...
[[0;32m  OK  [0m] Mounted FUSE Control File System.
[[0;32m  OK  [0m] Mounted Kernel Configuration File System.
[[0;32m  OK  [0m] Started Load/Save Random Seed.
[[0;32m  OK  [0m] Started Monitoring of LVM2 mirrors,â€¦sing dmeventd or progress polling.
[[0;32m  OK  [0m] Started Create Static Device Nodes in /dev.
         Starting udev Kernel Device Manager...
[[0;32m  OK  [0m] Started Apply Kernel Variables.
[[0;32m  OK  [0m] Started udev Coldplug all Devices.
[[0;32m  OK  [0m] Started Set the console keyboard layout.
[[0;32m  OK  [0m] Reached target Local File Systems (Pre).
[[0;32m  OK  [0m] Reached target Local File Systems.
         Starting ebtables ruleset management...
         Starting Set console font and keymap...
         Starting Commit a transient machine-id on disk...
         Starting AppArmor initialization...
         Starting Tell Plymouth To Write Out Runtime Data...
[[0;32m  OK  [0m] Started udev Kernel Device Manager.
[[0;32m  OK  [0m] Started Flush Journal to Persistent Storage.
[[0;32m  OK  [0m] Started Set console font and keymap.
         Starting Create Volatile Files and Directories...
[[0;32m  OK  [0m] Started Dispatch Password Requests to Console Directory Watch.
[[0;32m  OK  [0m] Reached target Local Encrypted Volumes.
[[0;32m  OK  [0m] Started Commit a transient machine-id on disk.
[[0;32m  OK  [0m] Started Tell Plymouth To Write Out Runtime Data.
[[0;32m  OK  [0m] Started Create Volatile Files and Directories.
         Starting Update UTMP about System Boot/Shutdown...
[[0;32m  OK  [0m] Started Update UTMP about System Boot/Shutdown.
[[0;32m  OK  [0m] Started ebtables ruleset management.
[[0;32m  OK  [0m] Found device /dev/ttyS0.
[[0;32m  OK  [0m] Listening on Load/Save RF Kill Switch Status /dev/rfkill Watch.
[[0;32m  OK  [0m] Started AppArmor initialization.
         Starting Initial cloud-init job (pre-networking)...
[    7.101757] cloud-init[537]: Cloud-init v. 19.4-33-gbb4131a2-0ubuntu1~18.04.1 running 'init-local' at Mon, 27 Apr 2020 18:50:34 +0000. Up 6.80 seconds.
[[0;32m  OK  [0m] Started Initial cloud-init job (pre-networking).
[[0;32m  OK  [0m] Reached target Network (Pre).
         Starting Network Service...
[[0;32m  OK  [0m] Started Network Service.
         Starting Network Name Resolution...
         Starting Wait for Network to be Configured...
[[0;32m  OK  [0m] Started Network Name Resolution.
[[0;32m  OK  [0m] Reached target Host and Network Name Lookups.
[[0;32m  OK  [0m] Reached target Network.
[[0;32m  OK  [0m] Started Wait for Network to be Configured.
         Starting Initial cloud-init job (metadata service crawler)...
[    8.858390] cloud-init[629]: Cloud-init v. 19.4-33-gbb4131a2-0ubuntu1~18.04.1 running 'init' at Mon, 27 Apr 2020 18:50:36 +0000. Up 8.72 seconds.
[    8.868423] cloud-init[629]: ci-info: ++++++++++++++++++++++++++++++++++++++Net device info+++++++++++++++++++++++++++++++++++++++
[    8.869726] cloud-init[629]: ci-info: +--------+-------+----------------------------+---------------+--------+-------------------+
[    8.871183] cloud-init[629]: ci-info: | Device |   Up  |          Address           |      Mask     | Scope  |     Hw-Address    |
[    8.872424] cloud-init[629]: ci-info: +--------+-------+----------------------------+---------------+--------+-------------------+
[    8.874135] cloud-init[629]: ci-info: | enp0s3 |  True |         10.0.2.15          | 255.255.255.0 | global | 02:39:1d:43:44:b0 |
[    8.875779] cloud-init[629]: ci-info: | enp0s3 |  True | fe80::39:1dff:fe43:44b0/64 |       .       |  link  | 02:39:1d:43:44:b0 |
[    8.888545] cloud-init[629]: ci-info: | enp0s8 | False |             .              |       .       |   .    | 08:00:27:de:02:25 |
[    8.889834] cloud-init[629]: ci-info: |   lo   |  True |         127.0.0.1          |   255.0.0.0   |  host  |         .         |
[    8.891222] cloud-init[629]: ci-info: |   lo   |  True |          ::1/128           |       .       |  host  |         .         |
[    8.892605] cloud-init[629]: ci-info: +--------+-------+----------------------------+---------------+--------+-------------------+
[    8.896584] cloud-init[629]: ci-info: ++++++++++++++++++++++++++++Route IPv4 info+++++++++++++++++++++++++++++
[    8.897502] cloud-init[629]: ci-info: +-------+-------------+----------+-----------------+-----------+-------+
[    8.898543] cloud-init[629]: ci-info: | Route | Destination | Gateway  |     Genmask     | Interface | Flags |
[    8.901019] cloud-init[629]: ci-info: +-------+-------------+----------+-----------------+-----------+-------+
[    8.903341] cloud-init[629]: ci-info: |   0   |   0.0.0.0   | 10.0.2.2 |     0.0.0.0     |   enp0s3  |   UG  |
[    8.916333] cloud-init[629]: ci-info: |   1   |   10.0.2.0  | 0.0.0.0  |  255.255.255.0  |   enp0s3  |   U   |
[    8.917355] cloud-init[629]: ci-info: |   2   |   10.0.2.2  | 0.0.0.0  | 255.255.255.255 |   enp0s3  |   UH  |
[    8.918379] cloud-init[629]: ci-info: +-------+-------------+----------+-----------------+-----------+-------+
[    8.919527] cloud-init[629]: ci-info: +++++++++++++++++++Route IPv6 info+++++++++++++++++++
[    8.920894] cloud-init[629]: ci-info: +-------+-------------+---------+-----------+-------+
[    8.922045] cloud-init[629]: ci-info: | Route | Destination | Gateway | Interface | Flags |
[    8.923669] cloud-init[629]: ci-info: +-------+-------------+---------+-----------+-------+
[    8.925546] cloud-init[629]: ci-info: |   1   |  fe80::/64  |    ::   |   enp0s3  |   U   |
[    8.940193] cloud-init[629]: ci-info: |   3   |    local    |    ::   |   enp0s3  |   U   |
[    8.941104] cloud-init[629]: ci-info: |   4   |   ff00::/8  |    ::   |   enp0s3  |   U   |
[    8.942007] cloud-init[629]: ci-info: +-------+-------------+---------+-----------+-------+
[    9.484939] cloud-init[629]: Generating public/private rsa key pair.
[    9.485611] cloud-init[629]: Your identification has been saved in /etc/ssh/ssh_host_rsa_key.
[    9.496502] cloud-init[629]: Your public key has been saved in /etc/ssh/ssh_host_rsa_key.pub.
[    9.508673] cloud-init[629]: The key fingerprint is:
[    9.520341] cloud-init[629]: SHA256:aCjtssbbIWYZJ+aKxncvUi5cWIJslG/4OMAy+x7OGto root@ubuntu-bionic
[[0;32m  OK  [0m] Started Initial cloud-init job (metadata service crawler).
[[0;32m  OK  [0m] Reached target System Initialization.
[[0;32m  OK  [0m] Listening on D-Bus System Message Bus Socket.
         Starting Socket activation for snappy daemon.
[    9.537093] cloud-init[629]: The key's randomart image is:
[    9.540486] cloud-init[629]: +---[RSA 2048]----+
[    9.541838] cloud-init[629]: |  .              |
[    9.542422] cloud-init[629]: | o               |
         Starting LXD - unix socket.
[[0;32m  OK  [0m] Started Message of the Day.
[[0;32m  OK  [0m] Started Discard unused blocks once a week.
[[0;32m  OK  [0m] Listening on ACPID Listen Socket.
[[0;32m  OK  [0m] Started Daily apt download activities.
[[0;32m  OK  [0m] Listening on Open-iSCSI iscsid Socket.
[[0;32m  OK  [0m] Listening on UUID daemon activation socket.
[[0;32m  OK  [0m] Started Daily apt upgrade and clean activities.
[[0;32m  OK  [0m] Started Daily Cleanup of Temporary Directories.
[[0;32m  OK  [0m] Reached target Timers.
[    9.554952] cloud-init[629]: |+ +              |[[0;32m  OK  [0m] Started ACPI Events Check.
[[0;32m  OK  [0m] Reached target Paths.
[[0;32m  OK  [0m] Reached target Network is Online.

[    9.557347] cloud-init[629]: |+* = o .         |
         Starting Availability of block devices...
[    9.560240] cloud-init[629]: |+oO B o S        |
[    9.560814] cloud-init[629]: |.= X +           |
[    9.561389] cloud-init[629]: |oo@ *            |
[    9.561956] cloud-init[629]: |o@+@ =           |
[    9.562531] cloud-init[629]: |*+E.= o.         |
[    9.563096] cloud-init[629]: +----[SHA256]-----+
[    9.563677] cloud-init[629]: Generating public/private dsa key pair.[[0;32m  OK  [0m] Reached target Remote File Systems (Pre).
[[0;32m  OK  [0m] Reached target Remote File Systems.
[[0;32m  OK  [0m] Reached target Cloud-config availability.
[[0;32m  OK  [0m] Listening on Socket activation for snappy daemon.
[[0;32m  OK  [0m] Listening on LXD - unix socket.
[[0;32m  OK  [0m] Reached target Sockets.
[[0;32m  OK  [0m] Reached target Basic System.
[[0;32m  OK  [0m] Started irqbalance daemon.
[[0;32m  OK  [0m] Started FUSE filesystem for LXC.

[    9.578233] cloud-init[629]: Your identification has been saved in /etc/ssh/ssh_host_dsa_key.
         Starting LSB: automatic crash report generation...
[    9.582644] cloud-init[629]: Your public key has been saved in /etc/ssh/ssh_host_dsa_key.pub.
[    9.593461] cloud-init[629]: The key fingerprint is:
[    9.594177] cloud-init[629]: SHA256:DXbupc6s3kv1wtr0Z/QFy5HWBf8E8Kq8lZ9njXQ6GlE root@ubuntu-bionic
[    9.596863] cloud-init[629]: The key's randomart image is:
[    9.598197] cloud-init[629]: +---[DSA 1024]----+
[    9.598943] cloud-init[629]: |            ..o. |
[    9.600195] cloud-init[629]: |             . o.|
[    9.601800] cloud-init[629]: |        o .   Eo+|         Starting Pollinate to seed the pseudo random number generator...
         Starting LSB: Record successful boot for GRUB...

         Starting System Logging Service...
[    9.619940] cloud-init[629]: |       . =   o=.o|
[    9.624745] cloud-init[629]: |        S o =o +.|
         Starting Login Service...
         Starting Virtualbox guest utils...
[    9.627409] cloud-init[629]: |         o * ++ +|
         Starting Permit User Sessions...
[    9.632644] cloud-init[629]: |          * B..=+|
[    9.635714]          Starting Accounts Service...
cloud-init[629]: |         * * =+.B|
         Starting LXD - container startup/shutdown...
[    9.640057] cloud-init[629]: |       .o.O.o.+* |[[0;32m  OK  [0m] Started D-Bus System Message Bus.

[    9.645438] cloud-init[629]: +----[SHA256]-----+
[    9.653054] cloud-init[629]: Generating public/private ecdsa key pair.
[    9.654280] cloud-init[629]: Your identification has been saved in /etc/ssh/ssh_host_ecdsa_key.
[    9.663924] cloud-init[629]: Your public key has been saved in /etc/ssh/ssh_host_ecdsa_key.pub.
[    9.665640] cloud-init[629]: The key fingerprint is:
[    9.670998] cloud-init[629]: SHA256:svWlit1b8Oi5nDNy+w9P7FvmVvOEYve/CTNM+KNT2Vc root@ubuntu-bionic
[    9.675376] cloud-init[629]: The key's randomart image is:
[    9.676840] cloud-init[629]: +---[ECDSA 256]---+
[    9.680335] cloud-init[629]: |                 |
[    9.682475] cloud-init[629]: |                 |
[    9.684000] cloud-init[629]: |                 |
[    9.686596] cloud-init[629]: |            .   E|
[    9.687630] cloud-init[629]: |      . S ....o..|
[    9.688749] cloud-init[629]: |       + . **+oo+|
[    9.690638] cloud-init[629]: |      .   +.=XooB|
[    9.693151] cloud-init[629]: |       o.=+=.==+=|
[    9.695448] cloud-init[629]: |      . ooXOo.===|
[    9.697247] cloud-init[629]: +----[SHA256]-----+
[    9.698671] cloud-init[629]: Generating public/private ed25519 key pair.
[    9.700323] cloud-init[629]: Your identification has been saved in /etc/ssh/ssh_host_ed25519_key.
[    9.703302] cloud-init[629]: Your public key has been saved in /etc/ssh/ssh_host_ed25519_key.pub.
[    9.706436] cloud-init[629]: The key fingerprint is:
[    9.708252] cloud-init[629]: SHA256:pLBaL4u7bU/JEzU9HSgkw7qLTF9ru+s1hqTf+irbYjU root@ubuntu-bionic
[    9.711685] cloud-init[629]: The key's randomart image is:
[    9.714339] cloud-init[629]: +--[ED25519 256]--+
[    9.715913] cloud-init[629]: |     .o..  ..    |
[    9.718419] cloud-init[629]: |      .o.... .   |
[    9.723703] cloud-init[629]: |    ..  +.o .    |
[    9.725742] cloud-init[629]: |    .o + . .     |
[    9.727517] cloud-init[629]: |    o.+ S        |
[    9.728558] cloud-init[629]: |  .o.=E+         |
[    9.729852] cloud-init[629]: | o.oo+Bo+        |
[    9.730978] cloud-init[629]: |  ooB*o= .       |
[    9.736569] cloud-init[629]: |  +=+B@Bo        |
[    9.737904] cloud-init[629]: +----[SHA256]-----+
         Starting Dispatcher daemon for systemd-networkd...
[[0;32m  OK  [0m] Started Deferred execution scheduler.
[[0;32m  OK  [0m] Started Regular background program processing daemon.
         Starting Snappy daemon...
[[0;32m  OK  [0m] Started System Logging Service.
[[0;32m  OK  [0m] Started Availability of block devices.
[[0;32m  OK  [0m] Started Permit User Sessions.
[[0;32m  OK  [0m] Started LXD - container startup/shutdown.
[[0;32m  OK  [0m] Started Login Service.
         Starting Authorization Manager...
[[0;32m  OK  [0m] Started Unattended Upgrades Shutdown.
         Starting Terminate Plymouth Boot Screen...
         Starting Hold until boot process finishes up...
[[0;32m  OK  [0m] Started Hold until boot process finishes up.
[[0;32m  OK  [0m] Started Serial Getty on ttyS0.
         Starting Set console scheme...
[[0;32m  OK  [0m] Started Terminate Plymouth Boot Screen.
[[0;32m  OK  [0m] Started Set console scheme.
[[0;32m  OK  [0m] Created slice system-getty.slice.
[[0;32m  OK  [0m] Started Getty on tty1.
[[0;32m  OK  [0m] Reached target Login Prompts.
[[0;32m  OK  [0m] Started Authorization Manager.
[[0;32m  OK  [0m] Started Accounts Service.
[[0;32m  OK  [0m] Started LSB: automatic crash report generation.
[[0;32m  OK  [0m] Started LSB: Record successful boot for GRUB.
[[0;32m  OK  [0m] Started Virtualbox guest utils.
[[0;32m  OK  [0m] Started Dispatcher daemon for systemd-networkd.
[[0;32m  OK  [0m] Started Snappy daemon.
         Starting Wait until snapd is fully seeded...
[[0;32m  OK  [0m] Started Pollinate to seed the pseudo random number generator.
         Starting OpenBSD Secure Shell server...
[[0;32m  OK  [0m] Started OpenBSD Secure Shell server.
[[0;32m  OK  [0m] Created slice User Slice of vagrant.
         Starting User Manager for UID 1000...
[[0;32m  OK  [0m] Started Session 1 of user vagrant.
[[0;32m  OK  [0m] Started User Manager for UID 1000.
[[0;32m  OK  [0m] Started Wait until snapd is fully seeded.
[[0;32m  OK  [0m] Reached target Multi-User System.
[[0;32m  OK  [0m] Reached target Graphical Interface.
         Starting Update UTMP about System Runlevel Changes...
         Starting Apply the settings specified in cloud-config...
[[0;32m  OK  [0m] Started Update UTMP about System Runlevel Changes.
[   14.680399] cloud-init[1163]: Cloud-init v. 19.4-33-gbb4131a2-0ubuntu1~18.04.1 running 'modules:config' at Mon, 27 Apr 2020 18:50:42 +0000. Up 14.20 seconds.
[[0;32m  OK  [0m] Started Apply the settings specified in cloud-config.
         Starting Execute cloud user/final scripts...
ci-info: no authorized SSH keys fingerprints found for user ubuntu.
<14>Apr 27 18:50:43 ec2: 
<14>Apr 27 18:50:43 ec2: #############################################################
<14>Apr 27 18:50:43 ec2: -----BEGIN SSH HOST KEY FINGERPRINTS-----
<14>Apr 27 18:50:43 ec2: 1024 SHA256:DXbupc6s3kv1wtr0Z/QFy5HWBf8E8Kq8lZ9njXQ6GlE root@ubuntu-bionic (DSA)
<14>Apr 27 18:50:43 ec2: 256 SHA256:svWlit1b8Oi5nDNy+w9P7FvmVvOEYve/CTNM+KNT2Vc root@ubuntu-bionic (ECDSA)
<14>Apr 27 18:50:43 ec2: 256 SHA256:pLBaL4u7bU/JEzU9HSgkw7qLTF9ru+s1hqTf+irbYjU root@ubuntu-bionic (ED25519)
<14>Apr 27 18:50:43 ec2: 2048 SHA256:aCjtssbbIWYZJ+aKxncvUi5cWIJslG/4OMAy+x7OGto root@ubuntu-bionic (RSA)
<14>Apr 27 18:50:43 ec2: -----END SSH HOST KEY FINGERPRINTS-----
<14>Apr 27 18:50:43 ec2: #############################################################
-----BEGIN SSH HOST KEY KEYS-----
ecdsa-sha2-nistp256 AAAAE2VjZHNhLXNoYTItbmlzdHAyNTYAAAAIbmlzdHAyNTYAAABBBJMKR9iLx+iCYV9xrXy6b8m6OtpG6sbEyIT9D482osVV7E0a+UZThd4xpChn/+Gtkwyy0I/dv7PD/zGupBNC54E= root@ubuntu-bionic
ssh-ed25519 AAAAC3NzaC1lZDI1NTE5AAAAIAz1eiRnUWIrMAHPHyNTIdC1ubWMgUn16EXSYc1L8s8Q root@ubuntu-bionic
ssh-rsa AAAAB3NzaC1yc2EAAAADAQABAAABAQDGjyJ2Iy+inh3UKVkR4FRmGbOi6EUr756oQW7REuCYbIz4XmskOVqu9hfZvz7FPRZz8CyDcBWcihSNIouwF9+1tlCmzMDATKJq8ENWhCyGs8505y1H5/RE4rWsVo1BI6Jpe8XtInx/8VBD/mtmCcXYMHchyETsxRMz8yo1okKasrBv3slm/cl8RI4i7bOmg5sG9F5qU4wtI5FfdOIgyYCXWUuk7wuQxBc+YAHShhzJGLBQh1F6P/TsreXf7MG5twxB0kKhNy5qhY9bgVou4AOAfzbJLdUMBs2H1Z82I8PP2eNXjUPyPjnpRIeNhv9Rj2aKu/DXxknEvzgPEzpZG277 root@ubuntu-bionic
-----END SSH HOST KEY KEYS-----
[   15.352753] cloud-init[1290]: Cloud-init v. 19.4-33-gbb4131a2-0ubuntu1~18.04.1 running 'modules:final' at Mon, 27 Apr 2020 18:50:42 +0000. Up 15.18 seconds.
[   15.353156] cloud-init[1290]: ci-info: no authorized SSH keys fingerprints found for user ubuntu.
[   15.354888] cloud-init[1290]: Cloud-init v. 19.4-33-gbb4131a2-0ubuntu1~18.04.1 finished at Mon, 27 Apr 2020 18:50:43 +0000. Datasource DataSourceNoCloud [seed=/dev/sdb][dsmode=net].  Up 15.34 seconds

Ubuntu 18.04.4 LTS ubuntu-bionic ttyS0

ubuntu-bionic login: 